\BOOKMARK [0][-]{chapter*.1}{\376\377\000A\000b\000s\000t\000r\000a\000c\000t}{}% 1
\BOOKMARK [0][-]{chapter*.2}{\376\377\000L\000i\000s\000t\000\040\000o\000f\000\040\000P\000u\000b\000l\000i\000c\000a\000t\000i\000o\000n\000s}{}% 2
\BOOKMARK [0][-]{chapter*.3}{\376\377\000A\000c\000k\000n\000o\000w\000l\000e\000d\000g\000e\000m\000e\000n\000t\000s}{}% 3
\BOOKMARK [0][-]{chapter*.4}{\376\377\000S\000t\000a\000t\000e\000m\000e\000n\000t\000\040\000o\000n\000\040\000t\000h\000e\000\040\000U\000s\000e\000\040\000o\000f\000\040\000G\000e\000n\000e\000r\000a\000t\000i\000v\000e\000\040\000A\000r\000t\000i\000f\000i\000c\000i\000a\000l\000\040\000I\000n\000t\000e\000l\000l\000i\000g\000e\000n\000c\000e}{}% 4
\BOOKMARK [0][-]{section*.5}{\376\377\000C\000o\000n\000t\000e\000n\000t\000s}{}% 5
\BOOKMARK [0][-]{chapter*.6}{\376\377\000L\000i\000s\000t\000s\000\040\000o\000f\000\040\000F\000i\000g\000u\000r\000e\000s\000,\000\040\000T\000a\000b\000l\000e\000s\000,\000\040\000A\000b\000b\000r\000e\000v\000i\000a\000t\000i\000o\000n\000s\000\040\000a\000n\000d\000\040\000S\000y\000m\000b\000o\000l\000s}{}% 6
\BOOKMARK [0][-]{chapter.1}{\376\377\000C\000h\000a\000p\000t\000e\000r\000\040\0001\000.\000\040\000I\000n\000t\000r\000o\000d\000u\000c\000t\000i\000o\000n}{}% 7
\BOOKMARK [1][-]{section.1.1}{\376\377\000B\000a\000c\000k\000g\000r\000o\000u\000n\000d\000\040\000a\000n\000d\000\040\000r\000e\000s\000e\000a\000r\000c\000h\000\040\000s\000c\000o\000p\000e}{chapter.1}% 8
\BOOKMARK [1][-]{section.1.2}{\376\377\000L\000i\000t\000e\000r\000a\000t\000u\000r\000e\000\040\000r\000e\000v\000i\000e\000w}{chapter.1}% 9
\BOOKMARK [2][-]{subsection.1.2.1}{\376\377\000B\000o\000r\000o\000n\000-\000b\000a\000s\000e\000d\000\040\000m\000a\000t\000e\000r\000i\000a\000l\000s\000\040\000a\000n\000d\000\040\000g\000r\000a\000p\000h\000e\000n\000e\000\040\000h\000e\000t\000e\000r\000o\000s\000t\000r\000u\000c\000t\000u\000r\000e\000s}{section.1.2}% 10
\BOOKMARK [2][-]{subsection.1.2.2}{\376\377\000B\000e\000r\000y\000l\000l\000e\000n\000e\000\040\000a\000n\000d\000\040\000h\000y\000d\000r\000o\000g\000e\000n\000\040\000f\000u\000n\000c\000t\000i\000o\000n\000a\000l\000i\000z\000a\000t\000i\000o\000n}{section.1.2}% 11
\BOOKMARK [2][-]{subsection.1.2.3}{\376\377\000C\000o\000m\000p\000u\000t\000a\000t\000i\000o\000n\000a\000l\000\040\000a\000p\000p\000r\000o\000a\000c\000h\000e\000s\000\040\000a\000n\000d\000\040\000t\000h\000e\000i\000r\000\040\000l\000i\000m\000i\000t\000a\000t\000i\000o\000n\000s}{section.1.2}% 12
\BOOKMARK [2][-]{subsection.1.2.4}{\376\377\000E\000x\000p\000e\000r\000i\000m\000e\000n\000t\000a\000l\000\040\000e\000v\000i\000d\000e\000n\000c\000e\000\040\000a\000n\000d\000\040\000t\000h\000e\000o\000r\000e\000t\000i\000c\000a\000l\000\040\000m\000o\000d\000e\000l\000s}{section.1.2}% 13
\BOOKMARK [1][-]{section.1.3}{\376\377\000M\000o\000t\000i\000v\000a\000t\000i\000o\000n\000\040\000f\000o\000r\000\040\000o\000p\000t\000i\000c\000a\000l\000\040\000a\000n\000d\000\040\000t\000o\000p\000o\000l\000o\000g\000i\000c\000a\000l\000\040\000a\000n\000a\000l\000y\000s\000i\000s}{chapter.1}% 14
\BOOKMARK [2][-]{subsection.1.3.1}{\376\377\000O\000p\000t\000i\000c\000a\000l\000\040\000r\000e\000s\000p\000o\000n\000s\000e\000\040\000a\000s\000\040\000a\000\040\000p\000r\000o\000b\000e\000\040\000o\000f\000\040\000e\000l\000e\000c\000t\000r\000o\000n\000i\000c\000\040\000s\000t\000r\000u\000c\000t\000u\000r\000e}{section.1.3}% 15
\BOOKMARK [2][-]{subsection.1.3.2}{\376\377\000P\000h\000y\000s\000i\000c\000a\000l\000\040\000s\000i\000g\000n\000i\000f\000i\000c\000a\000n\000c\000e\000\040\000o\000f\000\040\000b\000a\000n\000d\000\040\000t\000o\000p\000o\000l\000o\000g\000y}{section.1.3}% 16
\BOOKMARK [1][-]{section.1.4}{\376\377\000R\000e\000s\000e\000a\000r\000c\000h\000\040\000q\000u\000e\000s\000t\000i\000o\000n\000s\000\040\000a\000n\000d\000\040\000s\000c\000o\000p\000e\000\040\000o\000f\000\040\000t\000h\000e\000\040\000t\000h\000e\000s\000i\000s}{chapter.1}% 17
\BOOKMARK [1][-]{section.1.5}{\376\377\000T\000h\000e\000s\000i\000s\000\040\000o\000r\000g\000a\000n\000i\000s\000a\000t\000i\000o\000n}{chapter.1}% 18
\BOOKMARK [0][-]{chapter.2}{\376\377\000C\000h\000a\000p\000t\000e\000r\000\040\0002\000.\000\040\000F\000u\000n\000d\000a\000m\000e\000n\000t\000a\000l\000s\000\040\000I\000:\000\040\000M\000a\000n\000y\000-\000B\000o\000d\000y\000\040\000Q\000u\000a\000n\000t\000u\000m\000\040\000P\000h\000y\000s\000i\000c\000s\000\040\000a\000n\000d\000\040\000D\000F\000T}{}% 19
\BOOKMARK [1][-]{section.2.1}{\376\377\000A\000\040\000s\000t\000o\000r\000y\000\040\000s\000t\000a\000r\000t\000s\000\040\000w\000i\000t\000h\000\040\000t\000i\000m\000e\000\040\000e\000v\000o\000l\000u\000t\000i\000o\000n\000\040\000q\000u\000a\000n\000t\000u\000m\000\040\000m\000e\000c\000h\000a\000n\000i\000c\000s}{chapter.2}% 20
\BOOKMARK [2][-]{subsection.2.1.1}{\376\377\000T\000i\000m\000e\000-\000d\000e\000p\000e\000n\000d\000e\000n\000t\000\040\000S\000c\000h\000r\000\366\000d\000i\000n\000g\000e\000r\000\040\000e\000q\000u\000a\000t\000i\000o\000n}{section.2.1}% 21
\BOOKMARK [2][-]{subsection.2.1.2}{\376\377\000T\000i\000m\000e\000\040\000e\000v\000o\000l\000u\000t\000i\000o\000n\000\040\000o\000p\000e\000r\000a\000t\000o\000r}{section.2.1}% 22
\BOOKMARK [2][-]{subsection.2.1.3}{\376\377\000M\000a\000n\000y\000-\000b\000o\000d\000y\000\040\000S\000c\000h\000r\000\366\000d\000i\000n\000g\000e\000r\000\040\000e\000q\000u\000a\000t\000i\000o\000n}{section.2.1}% 23
\BOOKMARK [2][-]{subsection.2.1.4}{\376\377\000F\000r\000o\000m\000\040\000S\000c\000h\000r\000\366\000d\000i\000n\000g\000e\000r\000\040\000p\000i\000c\000t\000u\000r\000e\000\040\000t\000o\000\040\000H\000e\000i\000s\000e\000n\000b\000e\000r\000g\000\040\000p\000i\000c\000t\000u\000r\000e}{section.2.1}% 24
\BOOKMARK [2][-]{subsection.2.1.5}{\376\377\000F\000r\000o\000m\000\040\000H\000e\000i\000s\000e\000n\000b\000e\000r\000g\000\040\000p\000i\000c\000t\000u\000r\000e\000\040\000t\000o\000\040\000t\000h\000e\000\040\000c\000o\000n\000t\000i\000n\000u\000i\000t\000y\000\040\000e\000q\000u\000a\000t\000i\000o\000n}{section.2.1}% 25
\BOOKMARK [1][-]{section.2.2}{\376\377\000T\000o\000w\000a\000r\000d\000\040\000t\000h\000e\000\040\000m\000a\000n\000y\000-\000b\000o\000d\000y\000\040\000p\000r\000o\000b\000l\000e\000m}{chapter.2}% 26
\BOOKMARK [2][-]{subsection.2.2.1}{\376\377\000A\000n\000\040\000i\000n\000t\000r\000o\000d\000u\000c\000t\000i\000o\000n\000\040\000t\000o\000\040\000g\000r\000a\000n\000d\000\040\000c\000a\000n\000o\000n\000i\000c\000a\000l\000\040\000e\000n\000s\000e\000m\000b\000l\000e}{section.2.2}% 27
\BOOKMARK [2][-]{subsection.2.2.2}{\376\377\000F\000r\000o\000m\000\040\000w\000a\000v\000e\000\040\000f\000u\000n\000c\000t\000i\000o\000n\000\040\000t\000o\000\040\000p\000r\000a\000c\000t\000i\000c\000a\000l\000\040\000f\000u\000n\000c\000t\000i\000o\000n\000a\000l\000s}{section.2.2}% 28
\BOOKMARK [1][-]{section.2.3}{\376\377\000A\000n\000\040\000i\000n\000t\000r\000o\000d\000u\000c\000t\000i\000o\000n\000\040\000t\000o\000\040\000d\000e\000n\000s\000i\000t\000y\000\040\000f\000u\000n\000c\000t\000i\000o\000n\000a\000l\000s}{chapter.2}% 29
\BOOKMARK [2][-]{subsection.2.3.1}{\376\377\000W\000h\000a\000t\000\040\000i\000s\000\040\000t\000h\000e\000\040\000f\000u\000n\000c\000t\000i\000o\000n\000a\000l\000?}{section.2.3}% 30
\BOOKMARK [2][-]{subsection.2.3.2}{\376\377\000D\000e\000n\000s\000i\000t\000y\000\040\000f\000u\000n\000c\000t\000i\000o\000n\000a\000l\000\040\000i\000n\000\040\000q\000u\000a\000n\000t\000u\000m\000\040\000m\000e\000c\000h\000a\000n\000i\000c\000s}{section.2.3}% 31
\BOOKMARK [2][-]{subsection.2.3.3}{\376\377\000T\000h\000e\000\040\000H\000o\000h\000e\000n\000b\000e\000r\000g\040\023\000K\000o\000h\000n\000\040\000t\000h\000e\000o\000r\000e\000m}{section.2.3}% 32
\BOOKMARK [2][-]{subsection.2.3.4}{\376\377\000T\000h\000e\000\040\000T\000h\000o\000m\000a\000s\040\023\000F\000e\000r\000m\000i\000\040\000a\000p\000p\000r\000o\000a\000c\000h}{section.2.3}% 33
\BOOKMARK [2][-]{subsection.2.3.5}{\376\377\000L\000i\000m\000i\000t\000a\000t\000i\000o\000n\000s\000\040\000o\000f\000\040\000t\000h\000e\000\040\000T\000h\000o\000m\000a\000s\040\023\000F\000e\000r\000m\000i\000\040\000a\000p\000p\000r\000o\000a\000c\000h}{section.2.3}% 34
\BOOKMARK [1][-]{section.2.4}{\376\377\000F\000r\000o\000m\000\040\000d\000e\000n\000s\000i\000t\000y\000\040\000f\000u\000n\000c\000t\000i\000o\000n\000a\000l\000\040\000t\000o\000\040\000K\000o\000h\000n\040\023\000S\000h\000a\000m\000\040\000t\000h\000e\000o\000r\000y}{chapter.2}% 35
\BOOKMARK [2][-]{subsection.2.4.1}{\376\377\000A\000u\000x\000i\000l\000i\000a\000r\000y\000\040\000s\000y\000s\000t\000e\000m}{section.2.4}% 36
\BOOKMARK [2][-]{subsection.2.4.2}{\376\377\000T\000h\000e\000\040\000f\000r\000a\000m\000e\000w\000o\000r\000k\000\040\000o\000f\000\040\000t\000h\000e\000\040\000K\000o\000h\000n\040\023\000S\000h\000a\000m\000\040\000e\000q\000u\000a\000t\000i\000o\000n\000s}{section.2.4}% 37
\BOOKMARK [2][-]{subsection.2.4.3}{\376\377\000F\000r\000o\000m\000\040\000v\000a\000r\000i\000a\000t\000i\000o\000n\000a\000l\000\040\000d\000e\000r\000i\000v\000a\000t\000i\000o\000n\000\040\000t\000o\000\040\000t\000h\000e\000\040\000K\000o\000h\000n\040\023\000S\000h\000a\000m\000\040\000e\000q\000u\000a\000t\000i\000o\000n\000s}{section.2.4}% 38
\BOOKMARK [2][-]{subsection.2.4.4}{\376\377\000V\000a\000r\000i\000a\000t\000i\000o\000n\000a\000l\000\040\000c\000o\000n\000s\000t\000r\000u\000c\000t\000i\000o\000n\000\040\000o\000f\000\040\000t\000h\000e\000\040\000K\000o\000h\000n\040\023\000S\000h\000a\000m\000\040\000s\000c\000h\000e\000m\000e}{section.2.4}% 39
\BOOKMARK [2][-]{subsection.2.4.5}{\376\377\000R\000e\000m\000a\000r\000k\000s\000\040\000o\000n\000\040\000t\000h\000e\000\040\000K\000o\000h\000n\040\023\000S\000h\000a\000m\000\040\000s\000o\000l\000u\000t\000i\000o\000n\000s}{section.2.4}% 40
\BOOKMARK [2][-]{subsection.2.4.6}{\376\377\000S\000t\000r\000u\000c\000t\000u\000r\000e\000\040\000a\000n\000d\000\040\000c\000o\000n\000s\000t\000r\000u\000c\000t\000i\000o\000n\000\040\000o\000f\000\040\000t\000h\000e\000\040\000K\000o\000h\000n\040\023\000S\000h\000a\000m\000\040\000p\000o\000t\000e\000n\000t\000i\000a\000l}{section.2.4}% 41
\BOOKMARK [2][-]{subsection.2.4.7}{\376\377\000T\000h\000e\000\040\000H\000a\000r\000t\000r\000e\000e\000\040\000e\000q\000u\000a\000t\000i\000o\000n\000s}{section.2.4}% 42
\BOOKMARK [1][-]{section.2.5}{\376\377\000E\000x\000c\000h\000a\000n\000g\000e\000-\000c\000o\000r\000r\000e\000l\000a\000t\000i\000o\000n\000\040\000f\000u\000n\000c\000t\000i\000o\000n\000a\000l}{chapter.2}% 43
\BOOKMARK [2][-]{subsection.2.5.1}{\376\377\000L\000o\000c\000a\000l\000\040\000d\000e\000n\000s\000i\000t\000y\000\040\000a\000n\000d\000\040\000g\000e\000n\000e\000r\000a\000l\000i\000z\000e\000d\000\040\000g\000r\000a\000d\000i\000e\000n\000t\000\040\000a\000p\000p\000r\000o\000x\000i\000m\000a\000t\000i\000o\000n\000s}{section.2.5}% 44
\BOOKMARK [2][-]{subsection.2.5.2}{\376\377\000H\000y\000b\000r\000i\000d\000\040\000f\000u\000n\000c\000t\000i\000o\000n\000a\000l\000s\000\040\000a\000n\000d\000\040\000H\000e\000y\000d\040\023\000S\000c\000u\000s\000e\000r\000i\000a\040\023\000E\000r\000n\000z\000e\000r\000h\000o\000f\000\040\000f\000u\000n\000c\000t\000i\000o\000n\000a\000l}{section.2.5}% 45
\BOOKMARK [1][-]{section.2.6}{\376\377\000F\000r\000o\000m\000\040\000d\000e\000n\000s\000i\000t\000y\000\040\000f\000u\000n\000c\000t\000i\000o\000n\000a\000l\000\040\000t\000h\000e\000o\000r\000y\000\040\000t\000o\000\040\000p\000r\000a\000c\000t\000i\000c\000a\000l\000\040\000c\000a\000l\000c\000u\000l\000a\000t\000i\000o\000n\000s}{chapter.2}% 46
\BOOKMARK [2][-]{subsection.2.6.1}{\376\377\000S\000t\000r\000u\000c\000t\000u\000r\000a\000l\000\040\000r\000e\000l\000a\000x\000a\000t\000i\000o\000n\000\040\000a\000n\000d\000\040\000c\000o\000n\000v\000e\000r\000g\000e\000n\000c\000e}{section.2.6}% 47
\BOOKMARK [2][-]{subsection.2.6.2}{\376\377\000P\000e\000r\000i\000o\000d\000i\000c\000\040\000s\000t\000a\000t\000e\000s\000\040\000a\000n\000d\000\040\000B\000r\000i\000l\000l\000o\000u\000i\000n\000-\000z\000o\000n\000e\000\040\000s\000a\000m\000p\000l\000i\000n\000g}{section.2.6}% 48
\BOOKMARK [2][-]{subsection.2.6.3}{\376\377\000P\000h\000o\000n\000o\000n\000s\000\040\000a\000n\000d\000\040\000m\000o\000l\000e\000c\000u\000l\000a\000r\000\040\000d\000y\000n\000a\000m\000i\000c\000s}{section.2.6}% 49
\BOOKMARK [2][-]{subsection.2.6.4}{\376\377\000S\000p\000i\000n\000\040\000p\000o\000l\000a\000r\000i\000z\000a\000t\000i\000o\000n\000\040\000a\000n\000d\000\040\000m\000a\000g\000n\000e\000t\000i\000c\000\040\000o\000r\000d\000e\000r\000i\000n\000g}{section.2.6}% 50
\BOOKMARK [2][-]{subsection.2.6.5}{\376\377\000E\000l\000e\000c\000t\000r\000o\000n\000-\000p\000h\000o\000n\000o\000n\000\040\000c\000o\000u\000p\000l\000i\000n\000g\000\040\000a\000n\000d\000\040\000s\000u\000p\000e\000r\000c\000o\000n\000d\000u\000c\000t\000i\000v\000i\000t\000y}{section.2.6}% 51
\BOOKMARK [0][-]{chapter.3}{\376\377\000C\000h\000a\000p\000t\000e\000r\000\040\0003\000.\000\040\000F\000u\000n\000d\000a\000m\000e\000n\000t\000a\000l\000s\000\040\000I\000I\000:\000\040\000L\000i\000n\000e\000a\000r\000\040\000O\000p\000t\000i\000c\000a\000l\000\040\000R\000e\000s\000p\000o\000n\000s\000e}{}% 52
\BOOKMARK [1][-]{section.3.1}{\376\377\000T\000o\000w\000a\000r\000d\000\040\000e\000l\000e\000c\000t\000r\000o\000m\000a\000g\000n\000e\000t\000i\000c\000\040\000r\000e\000s\000p\000o\000n\000s\000e\000\040\000i\000n\000\040\000m\000a\000t\000t\000e\000r}{chapter.3}% 53
\BOOKMARK [2][-]{subsection.3.1.1}{\376\377\000M\000a\000x\000w\000e\000l\000l\000\040\000e\000q\000u\000a\000t\000i\000o\000n\000s\000\040\000i\000n\000\040\000m\000a\000t\000t\000e\000r}{section.3.1}% 54
\BOOKMARK [2][-]{subsection.3.1.2}{\376\377\000P\000o\000l\000a\000r\000i\000z\000a\000t\000i\000o\000n\000,\000\040\000e\000l\000e\000c\000t\000r\000i\000c\000\040\000d\000i\000s\000p\000l\000a\000c\000e\000m\000e\000n\000t\000,\000\040\000a\000n\000d\000\040\000c\000o\000n\000s\000t\000i\000t\000u\000t\000i\000v\000e\000\040\000r\000e\000l\000a\000t\000i\000o\000n\000s}{section.3.1}% 55
\BOOKMARK [2][-]{subsection.3.1.3}{\376\377\000A\000n\000i\000s\000o\000t\000r\000o\000p\000y\000\040\000a\000n\000d\000\040\000t\000h\000e\000\040\000d\000i\000e\000l\000e\000c\000t\000r\000i\000c\000\040\000t\000e\000n\000s\000o\000r}{section.3.1}% 56
\BOOKMARK [1][-]{section.3.2}{\376\377\000F\000r\000o\000m\000\040\000e\000l\000e\000c\000t\000r\000o\000n\000i\000c\000\040\000r\000e\000s\000p\000o\000n\000s\000e\000\040\000t\000o\000\040\000t\000h\000e\000\040\000d\000i\000e\000l\000e\000c\000t\000r\000i\000c\000\040\000f\000u\000n\000c\000t\000i\000o\000n}{chapter.3}% 57
\BOOKMARK [2][-]{subsection.3.2.1}{\376\377\000F\000r\000o\000m\000\040\000p\000o\000l\000a\000r\000i\000z\000a\000t\000i\000o\000n\000\040\000r\000e\000s\000p\000o\000n\000s\000e\000\040\000t\000o\000\040\000t\000h\000e\000\040\000c\000o\000m\000p\000l\000e\000x\000\040\000d\000i\000e\000l\000e\000c\000t\000r\000i\000c\000\040\000f\000u\000n\000c\000t\000i\000o\000n}{section.3.2}% 58
\BOOKMARK [2][-]{subsection.3.2.2}{\376\377\000M\000i\000c\000r\000o\000s\000c\000o\000p\000i\000c\000\040\000o\000r\000i\000g\000i\000n\000\040\000o\000f\000\040\000t\000h\000e\000\040\000i\000m\000a\000g\000i\000n\000a\000r\000y\000\040\000p\000a\000r\000t}{section.3.2}% 59
\BOOKMARK [2][-]{subsection.3.2.3}{\376\377\000D\000i\000e\000l\000e\000c\000t\000r\000i\000c\000\040\000r\000e\000s\000p\000o\000n\000s\000e\000\040\000i\000n\000\040\000a\000n\000i\000s\000o\000t\000r\000o\000p\000i\000c\000\040\000m\000e\000d\000i\000a}{section.3.2}% 60
\BOOKMARK [1][-]{section.3.3}{\376\377\000C\000a\000u\000s\000a\000l\000i\000t\000y\000\040\000a\000n\000d\000\040\000t\000h\000e\000\040\000K\000r\000a\000m\000e\000r\000s\040\023\000K\000r\000o\000n\000i\000g\000\040\000r\000e\000l\000a\000t\000i\000o\000n\000s}{chapter.3}% 61
\BOOKMARK [2][-]{subsection.3.3.1}{\376\377\000C\000a\000u\000s\000a\000l\000i\000t\000y\000\040\000a\000n\000d\000\040\000a\000n\000a\000l\000y\000t\000i\000c\000\040\000s\000t\000r\000u\000c\000t\000u\000r\000e\000\040\000o\000f\000\040\000r\000e\000s\000p\000o\000n\000s\000e\000\040\000f\000u\000n\000c\000t\000i\000o\000n\000s}{section.3.3}% 62
\BOOKMARK [2][-]{subsection.3.3.2}{\376\377\000K\000r\000a\000m\000e\000r\000s\040\023\000K\000r\000o\000n\000i\000g\000\040\000r\000e\000l\000a\000t\000i\000o\000n\000s\000\040\000f\000o\000r\000\040\000t\000h\000e\000\040\000d\000i\000e\000l\000e\000c\000t\000r\000i\000c\000\040\000f\000u\000n\000c\000t\000i\000o\000n}{section.3.3}% 63
\BOOKMARK [2][-]{subsection.3.3.3}{\376\377\000S\000t\000a\000t\000i\000c\000\040\000l\000i\000m\000i\000t\000\040\000a\000n\000d\000\040\000p\000h\000y\000s\000i\000c\000a\000l\000\040\000i\000n\000t\000e\000r\000p\000r\000e\000t\000a\000t\000i\000o\000n}{section.3.3}% 64
\BOOKMARK [1][-]{section.3.4}{\376\377\000F\000r\000o\000m\000\040\000t\000h\000e\000\040\000d\000i\000e\000l\000e\000c\000t\000r\000i\000c\000\040\000f\000u\000n\000c\000t\000i\000o\000n\000\040\000t\000o\000\040\000o\000p\000t\000i\000c\000a\000l\000\040\000p\000r\000o\000p\000e\000r\000t\000i\000e\000s}{chapter.3}% 65
\BOOKMARK [2][-]{subsection.3.4.1}{\376\377\000A\000b\000s\000o\000r\000p\000t\000i\000o\000n\000\040\000c\000o\000e\000f\000f\000i\000c\000i\000e\000n\000t}{section.3.4}% 66
\BOOKMARK [2][-]{subsection.3.4.2}{\376\377\000R\000e\000f\000r\000a\000c\000t\000i\000v\000e\000\040\000i\000n\000d\000e\000x\000\040\000a\000n\000d\000\040\000e\000x\000t\000i\000n\000c\000t\000i\000o\000n\000\040\000c\000o\000e\000f\000f\000i\000c\000i\000e\000n\000t}{section.3.4}% 67
\BOOKMARK [2][-]{subsection.3.4.3}{\376\377\000R\000e\000f\000l\000e\000c\000t\000i\000v\000i\000t\000y}{section.3.4}% 68
\BOOKMARK [2][-]{subsection.3.4.4}{\376\377\000E\000n\000e\000r\000g\000y\000-\000l\000o\000s\000s\000\040\000s\000p\000e\000c\000t\000r\000u\000m}{section.3.4}% 69
\BOOKMARK [0][-]{chapter.4}{\376\377\000C\000h\000a\000p\000t\000e\000r\000\040\0004\000.\000\040\000F\000u\000n\000d\000a\000m\000e\000n\000t\000a\000l\000s\000\040\000I\000I\000I\000:\000\040\000B\000a\000n\000d\000\040\000T\000o\000p\000o\000l\000o\000g\000y}{}% 70
\BOOKMARK [1][-]{section.4.1}{\376\377\000T\000o\000w\000a\000r\000d\000\040\000t\000h\000e\000\040\000t\000o\000p\000o\000l\000o\000g\000y\000\040\000o\000f\000\040\000B\000l\000o\000c\000h\000\040\000s\000t\000a\000t\000e\000s}{chapter.4}% 71
\BOOKMARK [2][-]{subsection.4.1.1}{\376\377\000F\000r\000o\000m\000\040\000b\000a\000n\000d\000\040\000e\000n\000e\000r\000g\000i\000e\000s\000\040\000t\000o\000\040\000e\000l\000e\000c\000t\000r\000o\000n\000i\000c\000\040\000s\000t\000a\000t\000e\000s}{section.4.1}% 72
\BOOKMARK [2][-]{subsection.4.1.2}{\376\377\000A\000n\000\040\000i\000s\000o\000l\000a\000t\000e\000d\000\040\000b\000a\000n\000d\000\040\000s\000u\000b\000s\000p\000a\000c\000e}{section.4.1}% 73
\BOOKMARK [1][-]{section.4.2}{\376\377\000F\000r\000o\000m\000\040\000p\000h\000a\000s\000e\000\040\000f\000r\000e\000e\000d\000o\000m\000\040\000t\000o\000\040\000t\000h\000e\000\040\000B\000e\000r\000r\000y\000\040\000p\000h\000a\000s\000e}{chapter.4}% 74
\BOOKMARK [2][-]{subsection.4.2.1}{\376\377\000C\000o\000n\000n\000e\000c\000t\000i\000n\000g\000\040\000n\000e\000i\000g\000h\000b\000o\000u\000r\000i\000n\000g\000\040\000s\000t\000a\000t\000e\000s}{section.4.2}% 75
\BOOKMARK [2][-]{subsection.4.2.2}{\376\377\000C\000l\000o\000s\000i\000n\000g\000\040\000t\000h\000e\000\040\000p\000a\000t\000h}{section.4.2}% 76
\BOOKMARK [2][-]{subsection.4.2.3}{\376\377\000F\000r\000o\000m\000\040\000a\000n\000\040\000i\000n\000d\000i\000v\000i\000d\000u\000a\000l\000\040\000b\000a\000n\000d\000\040\000t\000o\000\040\000a\000\040\000b\000a\000n\000d\000\040\000s\000u\000b\000s\000p\000a\000c\000e}{section.4.2}% 77
\BOOKMARK [1][-]{section.4.3}{\376\377\000T\000i\000m\000e\000-\000r\000e\000v\000e\000r\000s\000a\000l\000\040\000a\000n\000d\000\040\000i\000n\000v\000e\000r\000s\000i\000o\000n\000\040\000s\000y\000m\000m\000e\000t\000r\000y}{chapter.4}% 78
\BOOKMARK [2][-]{subsection.4.3.1}{\376\377\000S\000p\000i\000n\000o\000r\000\040\000s\000t\000a\000t\000e\000s\000\040\000a\000n\000d\000\040\000t\000i\000m\000e\000\040\000r\000e\000v\000e\000r\000s\000a\000l}{section.4.3}% 79
\BOOKMARK [2][-]{subsection.4.3.2}{\376\377\000T\000i\000m\000e\000-\000r\000e\000v\000e\000r\000s\000a\000l\000\040\000i\000n\000v\000a\000r\000i\000a\000n\000t\000\040\000m\000o\000m\000e\000n\000t\000a}{section.4.3}% 80
\BOOKMARK [2][-]{subsection.4.3.3}{\376\377\000I\000n\000v\000e\000r\000s\000i\000o\000n\000\040\000a\000n\000d\000\040\000t\000h\000e\000\040\000p\000a\000r\000i\000t\000y\000\040\000o\000f\000\040\000a\000\040\000K\000r\000a\000m\000e\000r\000s\000\040\000p\000a\000i\000r}{section.4.3}% 81
\BOOKMARK [1][-]{section.4.4}{\376\377\000F\000r\000o\000m\000\040\000p\000a\000r\000i\000t\000y\000\040\000e\000i\000g\000e\000n\000v\000a\000l\000u\000e\000s\000\040\000t\000o\000\040\000t\000h\000e\000\040\000t\000w\000o\000-\000d\000i\000m\000e\000n\000s\000i\000o\000n\000a\000l\000\040\000Z\0002\000\040\000i\000n\000d\000e\000x}{chapter.4}% 82
\BOOKMARK [2][-]{subsection.4.4.1}{\376\377\000T\000h\000e\000\040\000t\000w\000o\000\040\000t\000o\000p\000o\000l\000o\000g\000i\000c\000a\000l\000\040\000c\000l\000a\000s\000s\000e\000s}{section.4.4}% 83
\BOOKMARK [2][-]{subsection.4.4.2}{\376\377\000T\000h\000e\000\040\000F\000u\040\023\000K\000a\000n\000e\000\040\000p\000a\000r\000i\000t\000y\000\040\000p\000r\000o\000d\000u\000c\000t}{section.4.4}% 84
\BOOKMARK [2][-]{subsection.4.4.3}{\376\377\000U\000s\000i\000n\000g\000\040\000a\000d\000d\000i\000t\000i\000o\000n\000a\000l\000\040\000c\000r\000y\000s\000t\000a\000l\000\040\000s\000y\000m\000m\000e\000t\000r\000y}{section.4.4}% 85
\BOOKMARK [1][-]{section.4.5}{\376\377\000F\000r\000o\000m\000\040\000t\000h\000e\000\040\000p\000a\000r\000i\000t\000y\000\040\000c\000r\000i\000t\000e\000r\000i\000o\000n\000\040\000t\000o\000\040\000t\000h\000e\000\040\000c\000a\000l\000c\000u\000l\000a\000t\000i\000o\000n}{chapter.4}% 86
\BOOKMARK [2][-]{subsection.4.5.1}{\376\377\000I\000d\000e\000n\000t\000i\000f\000y\000i\000n\000g\000\040\000t\000h\000e\000\040\000s\000t\000a\000t\000e\000s\000\040\000u\000s\000e\000d\000\040\000i\000n\000\040\000t\000h\000e\000\040\000p\000r\000o\000d\000u\000c\000t}{section.4.5}% 87
\BOOKMARK [2][-]{subsection.4.5.2}{\376\377\000I\000n\000t\000e\000r\000p\000r\000e\000t\000i\000n\000g\000\040\000t\000h\000e\000\040\000r\000e\000s\000u\000l\000t\000i\000n\000g\000\040\000i\000n\000d\000e\000x}{section.4.5}% 88
\BOOKMARK [0][-]{chapter.5}{\376\377\000C\000h\000a\000p\000t\000e\000r\000\040\0005\000.\000\040\000O\000p\000t\000o\000e\000l\000e\000c\000t\000r\000o\000n\000i\000c\000\040\000P\000r\000o\000p\000e\000r\000t\000i\000e\000s\000\040\000o\000f\000\040\000H\000e\000t\000e\000r\000o\000s\000t\000r\000u\000c\000t\000u\000r\000e\000\040\000B\000i\000l\000a\000y\000e\000r\000s}{}% 89
\BOOKMARK [1][-]{section.5.1}{\376\377\000A\000b\000s\000t\000r\000a\000c\000t}{chapter.5}% 90
\BOOKMARK [1][-]{section.5.2}{\376\377\000I\000n\000t\000r\000o\000d\000u\000c\000t\000i\000o\000n}{chapter.5}% 91
\BOOKMARK [1][-]{section.5.3}{\376\377\000C\000a\000l\000c\000u\000l\000a\000t\000i\000o\000n\000\040\000m\000e\000t\000h\000o\000d\000s}{chapter.5}% 92
\BOOKMARK [1][-]{section.5.4}{\376\377\000R\000e\000s\000u\000l\000t\000s\000\040\000a\000n\000d\000\040\000d\000i\000s\000c\000u\000s\000s\000i\000o\000n}{chapter.5}% 93
\BOOKMARK [2][-]{subsection.5.4.1}{\376\377\000M\000o\000n\000o\000l\000a\000y\000e\000r\000\040\000p\000r\000o\000p\000e\000r\000t\000i\000e\000s}{section.5.4}% 94
\BOOKMARK [2][-]{subsection.5.4.2}{\376\377\000H\000e\000t\000e\000r\000o\000s\000t\000r\000u\000c\000t\000u\000r\000e}{section.5.4}% 95
\BOOKMARK [2][-]{subsection.5.4.3}{\376\377\000D\000i\000e\000l\000e\000c\000t\000r\000i\000c\000\040\000f\000u\000n\000c\000t\000i\000o\000n}{section.5.4}% 96
\BOOKMARK [2][-]{subsection.5.4.4}{\376\377\000D\000e\000r\000i\000v\000e\000d\000\040\000o\000p\000t\000i\000c\000a\000l\000\040\000p\000r\000o\000p\000e\000r\000t\000i\000e\000s}{section.5.4}% 97
\BOOKMARK [1][-]{section.5.5}{\376\377\000C\000o\000n\000c\000l\000u\000s\000i\000o\000n\000s}{chapter.5}% 98
\BOOKMARK [1][-]{section.5.6}{\376\377\000D\000a\000t\000a\000\040\000a\000v\000a\000i\000l\000a\000b\000i\000l\000i\000t\000y\000\040\000s\000t\000a\000t\000e\000m\000e\000n\000t}{chapter.5}% 99
\BOOKMARK [1][-]{section.5.7}{\376\377\000S\000u\000p\000p\000l\000e\000m\000e\000n\000t\000a\000r\000y\000\040\000i\000n\000f\000o\000r\000m\000a\000t\000i\000o\000n}{chapter.5}% 100
\BOOKMARK [0][-]{chapter.6}{\376\377\000C\000h\000a\000p\000t\000e\000r\000\040\0006\000.\000\040\000F\000u\000n\000c\000t\000i\000o\000n\000a\000l\000\040\000P\000r\000o\000p\000e\000r\000t\000i\000e\000s\000\040\000o\000f\000\040\000P\000e\000n\000t\000a\000-\000B\000i\000p\000y\000r\000a\000m\000i\000d\000\040\000B\000o\000r\000o\000n\000\040\000P\000h\000a\000s\000e\000s}{}% 101
\BOOKMARK [1][-]{section.6.1}{\376\377\000A\000b\000s\000t\000r\000a\000c\000t}{chapter.6}% 102
\BOOKMARK [1][-]{section.6.2}{\376\377\000I\000n\000t\000r\000o\000d\000u\000c\000t\000i\000o\000n}{chapter.6}% 103
\BOOKMARK [1][-]{section.6.3}{\376\377\000C\000o\000m\000p\000u\000t\000a\000t\000i\000o\000n\000\040\000m\000e\000t\000h\000o\000d\000s}{chapter.6}% 104
\BOOKMARK [1][-]{section.6.4}{\376\377\000R\000e\000s\000u\000l\000t\000s\000\040\000a\000n\000d\000\040\000d\000i\000s\000c\000u\000s\000s\000i\000o\000n}{chapter.6}% 105
\BOOKMARK [2][-]{subsection.6.4.1}{\376\377\000B\000u\000l\000k\000\040\000o\000-\000B\0001\0004\000:\000\040\000a\000t\000o\000m\000i\000c\000\040\000a\000n\000d\000\040\000e\000l\000e\000c\000t\000r\000o\000n\000i\000c\000\040\000s\000t\000r\000u\000c\000t\000u\000r\000e}{section.6.4}% 106
\BOOKMARK [2][-]{subsection.6.4.2}{\376\377\000X\000e\000n\000e\000\040\000o\000-\000B\0001\0004\000:\000\040\000a\000t\000o\000m\000i\000c\000\040\000a\000n\000d\000\040\000e\000l\000e\000c\000t\000r\000o\000n\000i\000c\000\040\000s\000t\000r\000u\000c\000t\000u\000r\000e}{section.6.4}% 107
\BOOKMARK [2][-]{subsection.6.4.3}{\376\377\000S\000u\000p\000e\000r\000c\000o\000n\000d\000u\000c\000t\000i\000n\000g\000\040\000p\000r\000o\000p\000e\000r\000t\000i\000e\000s}{section.6.4}% 108
\BOOKMARK [2][-]{subsection.6.4.4}{\376\377\000O\000p\000t\000i\000c\000a\000l\000\040\000p\000r\000o\000p\000e\000r\000t\000i\000e\000s}{section.6.4}% 109
\BOOKMARK [1][-]{section.6.5}{\376\377\000C\000o\000n\000c\000l\000u\000s\000i\000o\000n\000s}{chapter.6}% 110
\BOOKMARK [1][-]{section.6.6}{\376\377\000D\000a\000t\000a\000\040\000a\000v\000a\000i\000l\000a\000b\000i\000l\000i\000t\000y\000\040\000s\000t\000a\000t\000e\000m\000e\000n\000t}{chapter.6}% 111
\BOOKMARK [1][-]{section.6.7}{\376\377\000S\000u\000p\000p\000l\000e\000m\000e\000n\000t\000a\000r\000y\000\040\000i\000n\000f\000o\000r\000m\000a\000t\000i\000o\000n}{chapter.6}% 112
\BOOKMARK [0][-]{chapter.7}{\376\377\000C\000h\000a\000p\000t\000e\000r\000\040\0007\000.\000\040\000T\000o\000p\000o\000l\000o\000g\000i\000c\000a\000l\000\040\000a\000n\000d\000\040\000O\000p\000t\000i\000c\000a\000l\000\040\000P\000r\000o\000p\000e\000r\000t\000i\000e\000s\000\040\000o\000f\000\040\000B\000e\000r\000y\000l\000l\000e\000n\000e\000\040\000P\000h\000a\000s\000e\000s}{}% 113
\BOOKMARK [1][-]{section.7.1}{\376\377\000A\000b\000s\000t\000r\000a\000c\000t}{chapter.7}% 114
\BOOKMARK [1][-]{section.7.2}{\376\377\000I\000n\000t\000r\000o\000d\000u\000c\000t\000i\000o\000n}{chapter.7}% 115
\BOOKMARK [1][-]{section.7.3}{\376\377\000C\000o\000m\000p\000u\000t\000a\000t\000i\000o\000n\000\040\000m\000e\000t\000h\000o\000d\000s}{chapter.7}% 116
\BOOKMARK [1][-]{section.7.4}{\376\377\000R\000e\000s\000u\000l\000t\000s\000\040\000a\000n\000d\000\040\000d\000i\000s\000c\000u\000s\000s\000i\000o\000n}{chapter.7}% 117
\BOOKMARK [2][-]{subsection.7.4.1}{\376\377\000A\000t\000o\000m\000i\000c\000\040\000s\000t\000r\000u\000c\000t\000u\000r\000e}{section.7.4}% 118
\BOOKMARK [2][-]{subsection.7.4.2}{\376\377\000D\000y\000n\000a\000m\000i\000c\000a\000l\000\040\000s\000t\000a\000b\000i\000l\000i\000t\000y\000\040\000a\000n\000d\000\040\000p\000h\000o\000n\000o\000n\000\040\000d\000i\000s\000p\000e\000r\000s\000i\000o\000n}{section.7.4}% 119
\BOOKMARK [2][-]{subsection.7.4.3}{\376\377\000E\000l\000e\000c\000t\000r\000o\000n\000i\000c\000\040\000p\000r\000o\000p\000e\000r\000t\000i\000e\000s}{section.7.4}% 120
\BOOKMARK [2][-]{subsection.7.4.4}{\376\377\000T\000o\000p\000o\000l\000o\000g\000i\000c\000a\000l\000\040\000p\000r\000o\000p\000e\000r\000t\000i\000e\000s}{section.7.4}% 121
\BOOKMARK [2][-]{subsection.7.4.5}{\376\377\000O\000p\000t\000i\000c\000a\000l\000\040\000p\000r\000o\000p\000e\000r\000t\000i\000e\000s}{section.7.4}% 122
\BOOKMARK [1][-]{section.7.5}{\376\377\000C\000o\000n\000c\000l\000u\000s\000i\000o\000n\000s}{chapter.7}% 123
\BOOKMARK [1][-]{section.7.6}{\376\377\000D\000a\000t\000a\000\040\000a\000v\000a\000i\000l\000a\000b\000i\000l\000i\000t\000y\000\040\000s\000t\000a\000t\000e\000m\000e\000n\000t}{chapter.7}% 124
\BOOKMARK [1][-]{section.7.7}{\376\377\000S\000u\000p\000p\000l\000e\000m\000e\000n\000t\000a\000r\000y\000\040\000i\000n\000f\000o\000r\000m\000a\000t\000i\000o\000n}{chapter.7}% 125
\BOOKMARK [0][-]{chapter.8}{\376\377\000C\000h\000a\000p\000t\000e\000r\000\040\0008\000.\000\040\000C\000o\000n\000c\000l\000u\000s\000i\000o\000n\000\040\000a\000n\000d\000\040\000O\000u\000t\000l\000o\000o\000k}{}% 126
\BOOKMARK [0][-]{chapter*.125}{\376\377\000A\000p\000p\000e\000n\000d\000i\000x}{}% 127
